// Jest Snapshot v1, https://goo.gl/fbAQLP

exports[`should render SpendingsListItem correctly 1`] = `
<div>
  <Link
    replace={false}
    to="/edit/1"
  >
    <h3>
      Lunch
    </h3>
  </Link>
  <p>
    450
    -
    0
  </p>
</div>
`;
